{
  "name": "john2",
  "password": "test",
  "role": "user"
}
