{
  "user_name": "HeRoMo",
  "passward": "test"
}
