{
  "user_name": "HeRoMo",
  "password": "test"
}
